2026-06-07 17:41:24,286 - INFO - Caricate 40 parole da data\words.txt
2026-06-07 17:42:07,007 - INFO - Caricate 40 parole da data\words.txt
2026-06-07 17:44:16,411 - INFO - Caricate 40 parole da data\words.txt
2026-06-07 17:47:46,341 - INFO - Caricate 40 parole da data\words.txt
2026-06-07 17:48:08,372 - INFO - Parole filtrate: 40
2026-06-07 17:48:16,092 - INFO - Genero audio per: Farbe (de)
2026-06-07 17:48:18,623 - INFO - Riproduzione audio completata
2026-06-07 17:48:22,565 - INFO - Riproduzione audio completata
2026-06-07 17:48:23,698 - INFO - Genero audio per: Vento (it)
2026-06-07 17:48:25,152 - INFO - Riproduzione audio completata
2026-06-07 17:48:36,434 - INFO - Genero audio per: Sonne (de)
2026-06-07 17:48:38,701 - INFO - Riproduzione audio completata
2026-06-07 17:50:22,970 - INFO - Caricate 40 parole da data\words.txt
2026-06-07 17:50:30,154 - INFO - Parole filtrate: 40
2026-06-07 17:50:32,596 - INFO - Genero audio per: Tisch (de)
2026-06-07 17:50:35,002 - INFO - Riproduzione audio completata
2026-06-07 17:52:22,803 - INFO - Caricate 40 parole da data\words.txt
2026-06-07 17:52:29,518 - INFO - Parole filtrate: 40
2026-06-07 17:52:36,008 - INFO - Genero audio per: Orecchio (it)
2026-06-07 17:52:38,301 - INFO - Riproduzione audio completata
2026-06-07 17:52:40,580 - INFO - Riproduzione audio completata
2026-06-07 17:52:42,335 - INFO - Riproduzione audio completata
2026-06-07 17:52:46,164 - INFO - Genero audio per: Tavolo (it)
2026-06-07 17:52:47,772 - INFO - Riproduzione audio completata
2026-06-07 17:52:50,422 - INFO - Riproduzione audio completata
2026-06-07 18:15:13,132 - INFO - Caricate 40 parole da data\words.txt
2026-06-07 18:15:29,704 - INFO - Parole filtrate: 40
2026-06-07 18:15:37,189 - INFO - Caricate 40 parole da data\words.txt
2026-06-07 18:15:42,216 - INFO - Parole filtrate: 40
2026-06-07 18:28:28,055 - INFO - Caricate 40 parole da data\words.txt
2026-06-07 18:28:39,187 - INFO - Parole filtrate: 40
